CRITICAL - 2026-01-14 03:03:26 --> ErrorException: Maximum execution time of 60 seconds exceeded
[Method: GET, Route: /]
in SYSTEMPATH\ThirdParty\Kint\Kint.php on line 60.
 1 [internal function]: CodeIgniter\Debug\Exceptions->shutdownHandler()
ERROR - 2026-01-14 12:51:57 --> Error connecting to the database: mysqli_sql_exception: No connection could be made because the target machine actively refused it in C:\xampp\htdocs\dinara\system\Database\MySQLi\Connection.php:201
Stack trace:
#0 C:\xampp\htdocs\dinara\system\Database\MySQLi\Connection.php(201): mysqli->real_connect('localhost', 'root', Object(SensitiveParameterValue), 'db_smart_travel', 3306, '', 0)
#1 C:\xampp\htdocs\dinara\system\Database\BaseConnection.php(419): CodeIgniter\Database\MySQLi\Connection->connect(false)
#2 C:\xampp\htdocs\dinara\system\Database\BaseConnection.php(614): CodeIgniter\Database\BaseConnection->initialize()
#3 C:\xampp\htdocs\dinara\system\Database\BaseConnection.php(1525): CodeIgniter\Database\BaseConnection->query('SHOW TABLES FRO...')
#4 C:\xampp\htdocs\dinara\system\Database\BaseConnection.php(1545): CodeIgniter\Database\BaseConnection->listTables()
#5 C:\xampp\htdocs\dinara\app\Controllers\Admin.php(17): CodeIgniter\Database\BaseConnection->tableExists('bookings')
#6 C:\xampp\htdocs\dinara\system\CodeIgniter.php(933): App\Controllers\Admin->index()
#7 C:\xampp\htdocs\dinara\system\CodeIgniter.php(507): CodeIgniter\CodeIgniter->runController(Object(App\Controllers\Admin))
#8 C:\xampp\htdocs\dinara\system\CodeIgniter.php(354): CodeIgniter\CodeIgniter->handleRequest(NULL, Object(Config\Cache), false)
#9 C:\xampp\htdocs\dinara\system\Boot.php(363): CodeIgniter\CodeIgniter->run()
#10 C:\xampp\htdocs\dinara\system\Boot.php(68): CodeIgniter\Boot::runCodeIgniter(Object(CodeIgniter\CodeIgniter))
#11 C:\xampp\htdocs\dinara\public\index.php(59): CodeIgniter\Boot::bootWeb(Object(Config\Paths))
#12 C:\xampp\htdocs\dinara\system\rewrite.php(44): require_once('C:\\xampp\\htdocs...')
#13 {main}

Next CodeIgniter\Database\Exceptions\DatabaseException: No connection could be made because the target machine actively refused it in C:\xampp\htdocs\dinara\system\Database\MySQLi\Connection.php:246
Stack trace:
#0 C:\xampp\htdocs\dinara\system\Database\BaseConnection.php(419): CodeIgniter\Database\MySQLi\Connection->connect(false)
#1 C:\xampp\htdocs\dinara\system\Database\BaseConnection.php(614): CodeIgniter\Database\BaseConnection->initialize()
#2 C:\xampp\htdocs\dinara\system\Database\BaseConnection.php(1525): CodeIgniter\Database\BaseConnection->query('SHOW TABLES FRO...')
#3 C:\xampp\htdocs\dinara\system\Database\BaseConnection.php(1545): CodeIgniter\Database\BaseConnection->listTables()
#4 C:\xampp\htdocs\dinara\app\Controllers\Admin.php(17): CodeIgniter\Database\BaseConnection->tableExists('bookings')
#5 C:\xampp\htdocs\dinara\system\CodeIgniter.php(933): App\Controllers\Admin->index()
#6 C:\xampp\htdocs\dinara\system\CodeIgniter.php(507): CodeIgniter\CodeIgniter->runController(Object(App\Controllers\Admin))
#7 C:\xampp\htdocs\dinara\system\CodeIgniter.php(354): CodeIgniter\CodeIgniter->handleRequest(NULL, Object(Config\Cache), false)
#8 C:\xampp\htdocs\dinara\system\Boot.php(363): CodeIgniter\CodeIgniter->run()
#9 C:\xampp\htdocs\dinara\system\Boot.php(68): CodeIgniter\Boot::runCodeIgniter(Object(CodeIgniter\CodeIgniter))
#10 C:\xampp\htdocs\dinara\public\index.php(59): CodeIgniter\Boot::bootWeb(Object(Config\Paths))
#11 C:\xampp\htdocs\dinara\system\rewrite.php(44): require_once('C:\\xampp\\htdocs...')
#12 {main}
CRITICAL - 2026-01-14 12:51:57 --> CodeIgniter\Database\Exceptions\DatabaseException: Unable to connect to the database.
Main connection [MySQLi]: No connection could be made because the target machine actively refused it
[Method: GET, Route: admin]
in SYSTEMPATH\Database\BaseConnection.php on line 465.
 1 SYSTEMPATH\Database\BaseConnection.php(614): CodeIgniter\Database\BaseConnection->initialize()
 2 SYSTEMPATH\Database\BaseConnection.php(1525): CodeIgniter\Database\BaseConnection->query('SHOW TABLES FROM `db_smart_travel`')
 3 SYSTEMPATH\Database\BaseConnection.php(1545): CodeIgniter\Database\BaseConnection->listTables()
 4 APPPATH\Controllers\Admin.php(17): CodeIgniter\Database\BaseConnection->tableExists('bookings')
 5 SYSTEMPATH\CodeIgniter.php(933): App\Controllers\Admin->index()
 6 SYSTEMPATH\CodeIgniter.php(507): CodeIgniter\CodeIgniter->runController(Object(App\Controllers\Admin))
 7 SYSTEMPATH\CodeIgniter.php(354): CodeIgniter\CodeIgniter->handleRequest(null, Object(Config\Cache), false)
 8 SYSTEMPATH\Boot.php(363): CodeIgniter\CodeIgniter->run()
 9 SYSTEMPATH\Boot.php(68): CodeIgniter\Boot::runCodeIgniter(Object(CodeIgniter\CodeIgniter))
10 FCPATH\index.php(59): CodeIgniter\Boot::bootWeb(Object(Config\Paths))
11 SYSTEMPATH\rewrite.php(44): require_once('C:\\xampp\\htdocs\\dinara\\public\\index.php')
ERROR - 2026-01-14 12:52:04 --> Error connecting to the database: mysqli_sql_exception: No connection could be made because the target machine actively refused it in C:\xampp\htdocs\dinara\system\Database\MySQLi\Connection.php:201
Stack trace:
#0 C:\xampp\htdocs\dinara\system\Database\MySQLi\Connection.php(201): mysqli->real_connect('localhost', 'root', Object(SensitiveParameterValue), 'db_smart_travel', 3306, '', 0)
#1 C:\xampp\htdocs\dinara\system\Database\BaseConnection.php(419): CodeIgniter\Database\MySQLi\Connection->connect(false)
#2 C:\xampp\htdocs\dinara\system\Database\BaseConnection.php(614): CodeIgniter\Database\BaseConnection->initialize()
#3 C:\xampp\htdocs\dinara\system\Database\BaseConnection.php(1525): CodeIgniter\Database\BaseConnection->query('SHOW TABLES FRO...')
#4 C:\xampp\htdocs\dinara\system\Database\BaseConnection.php(1545): CodeIgniter\Database\BaseConnection->listTables()
#5 C:\xampp\htdocs\dinara\app\Controllers\Admin.php(17): CodeIgniter\Database\BaseConnection->tableExists('bookings')
#6 C:\xampp\htdocs\dinara\system\CodeIgniter.php(933): App\Controllers\Admin->index()
#7 C:\xampp\htdocs\dinara\system\CodeIgniter.php(507): CodeIgniter\CodeIgniter->runController(Object(App\Controllers\Admin))
#8 C:\xampp\htdocs\dinara\system\CodeIgniter.php(354): CodeIgniter\CodeIgniter->handleRequest(NULL, Object(Config\Cache), false)
#9 C:\xampp\htdocs\dinara\system\Boot.php(363): CodeIgniter\CodeIgniter->run()
#10 C:\xampp\htdocs\dinara\system\Boot.php(68): CodeIgniter\Boot::runCodeIgniter(Object(CodeIgniter\CodeIgniter))
#11 C:\xampp\htdocs\dinara\public\index.php(59): CodeIgniter\Boot::bootWeb(Object(Config\Paths))
#12 C:\xampp\htdocs\dinara\system\rewrite.php(44): require_once('C:\\xampp\\htdocs...')
#13 {main}

Next CodeIgniter\Database\Exceptions\DatabaseException: No connection could be made because the target machine actively refused it in C:\xampp\htdocs\dinara\system\Database\MySQLi\Connection.php:246
Stack trace:
#0 C:\xampp\htdocs\dinara\system\Database\BaseConnection.php(419): CodeIgniter\Database\MySQLi\Connection->connect(false)
#1 C:\xampp\htdocs\dinara\system\Database\BaseConnection.php(614): CodeIgniter\Database\BaseConnection->initialize()
#2 C:\xampp\htdocs\dinara\system\Database\BaseConnection.php(1525): CodeIgniter\Database\BaseConnection->query('SHOW TABLES FRO...')
#3 C:\xampp\htdocs\dinara\system\Database\BaseConnection.php(1545): CodeIgniter\Database\BaseConnection->listTables()
#4 C:\xampp\htdocs\dinara\app\Controllers\Admin.php(17): CodeIgniter\Database\BaseConnection->tableExists('bookings')
#5 C:\xampp\htdocs\dinara\system\CodeIgniter.php(933): App\Controllers\Admin->index()
#6 C:\xampp\htdocs\dinara\system\CodeIgniter.php(507): CodeIgniter\CodeIgniter->runController(Object(App\Controllers\Admin))
#7 C:\xampp\htdocs\dinara\system\CodeIgniter.php(354): CodeIgniter\CodeIgniter->handleRequest(NULL, Object(Config\Cache), false)
#8 C:\xampp\htdocs\dinara\system\Boot.php(363): CodeIgniter\CodeIgniter->run()
#9 C:\xampp\htdocs\dinara\system\Boot.php(68): CodeIgniter\Boot::runCodeIgniter(Object(CodeIgniter\CodeIgniter))
#10 C:\xampp\htdocs\dinara\public\index.php(59): CodeIgniter\Boot::bootWeb(Object(Config\Paths))
#11 C:\xampp\htdocs\dinara\system\rewrite.php(44): require_once('C:\\xampp\\htdocs...')
#12 {main}
CRITICAL - 2026-01-14 12:52:04 --> CodeIgniter\Database\Exceptions\DatabaseException: Unable to connect to the database.
Main connection [MySQLi]: No connection could be made because the target machine actively refused it
[Method: GET, Route: admin]
in SYSTEMPATH\Database\BaseConnection.php on line 465.
 1 SYSTEMPATH\Database\BaseConnection.php(614): CodeIgniter\Database\BaseConnection->initialize()
 2 SYSTEMPATH\Database\BaseConnection.php(1525): CodeIgniter\Database\BaseConnection->query('SHOW TABLES FROM `db_smart_travel`')
 3 SYSTEMPATH\Database\BaseConnection.php(1545): CodeIgniter\Database\BaseConnection->listTables()
 4 APPPATH\Controllers\Admin.php(17): CodeIgniter\Database\BaseConnection->tableExists('bookings')
 5 SYSTEMPATH\CodeIgniter.php(933): App\Controllers\Admin->index()
 6 SYSTEMPATH\CodeIgniter.php(507): CodeIgniter\CodeIgniter->runController(Object(App\Controllers\Admin))
 7 SYSTEMPATH\CodeIgniter.php(354): CodeIgniter\CodeIgniter->handleRequest(null, Object(Config\Cache), false)
 8 SYSTEMPATH\Boot.php(363): CodeIgniter\CodeIgniter->run()
 9 SYSTEMPATH\Boot.php(68): CodeIgniter\Boot::runCodeIgniter(Object(CodeIgniter\CodeIgniter))
10 FCPATH\index.php(59): CodeIgniter\Boot::bootWeb(Object(Config\Paths))
11 SYSTEMPATH\rewrite.php(44): require_once('C:\\xampp\\htdocs\\dinara\\public\\index.php')
ERROR - 2026-01-14 12:52:09 --> Error connecting to the database: mysqli_sql_exception: No connection could be made because the target machine actively refused it in C:\xampp\htdocs\dinara\system\Database\MySQLi\Connection.php:201
Stack trace:
#0 C:\xampp\htdocs\dinara\system\Database\MySQLi\Connection.php(201): mysqli->real_connect('localhost', 'root', Object(SensitiveParameterValue), 'db_smart_travel', 3306, '', 0)
#1 C:\xampp\htdocs\dinara\system\Database\BaseConnection.php(419): CodeIgniter\Database\MySQLi\Connection->connect(false)
#2 C:\xampp\htdocs\dinara\system\Database\BaseConnection.php(614): CodeIgniter\Database\BaseConnection->initialize()
#3 C:\xampp\htdocs\dinara\system\Database\BaseConnection.php(1525): CodeIgniter\Database\BaseConnection->query('SHOW TABLES FRO...')
#4 C:\xampp\htdocs\dinara\system\Database\BaseConnection.php(1545): CodeIgniter\Database\BaseConnection->listTables()
#5 C:\xampp\htdocs\dinara\app\Controllers\Kalkulator.php(27): CodeIgniter\Database\BaseConnection->tableExists('destinations')
#6 C:\xampp\htdocs\dinara\system\CodeIgniter.php(933): App\Controllers\Kalkulator->index()
#7 C:\xampp\htdocs\dinara\system\CodeIgniter.php(507): CodeIgniter\CodeIgniter->runController(Object(App\Controllers\Kalkulator))
#8 C:\xampp\htdocs\dinara\system\CodeIgniter.php(354): CodeIgniter\CodeIgniter->handleRequest(NULL, Object(Config\Cache), false)
#9 C:\xampp\htdocs\dinara\system\Boot.php(363): CodeIgniter\CodeIgniter->run()
#10 C:\xampp\htdocs\dinara\system\Boot.php(68): CodeIgniter\Boot::runCodeIgniter(Object(CodeIgniter\CodeIgniter))
#11 C:\xampp\htdocs\dinara\public\index.php(59): CodeIgniter\Boot::bootWeb(Object(Config\Paths))
#12 C:\xampp\htdocs\dinara\system\rewrite.php(44): require_once('C:\\xampp\\htdocs...')
#13 {main}

Next CodeIgniter\Database\Exceptions\DatabaseException: No connection could be made because the target machine actively refused it in C:\xampp\htdocs\dinara\system\Database\MySQLi\Connection.php:246
Stack trace:
#0 C:\xampp\htdocs\dinara\system\Database\BaseConnection.php(419): CodeIgniter\Database\MySQLi\Connection->connect(false)
#1 C:\xampp\htdocs\dinara\system\Database\BaseConnection.php(614): CodeIgniter\Database\BaseConnection->initialize()
#2 C:\xampp\htdocs\dinara\system\Database\BaseConnection.php(1525): CodeIgniter\Database\BaseConnection->query('SHOW TABLES FRO...')
#3 C:\xampp\htdocs\dinara\system\Database\BaseConnection.php(1545): CodeIgniter\Database\BaseConnection->listTables()
#4 C:\xampp\htdocs\dinara\app\Controllers\Kalkulator.php(27): CodeIgniter\Database\BaseConnection->tableExists('destinations')
#5 C:\xampp\htdocs\dinara\system\CodeIgniter.php(933): App\Controllers\Kalkulator->index()
#6 C:\xampp\htdocs\dinara\system\CodeIgniter.php(507): CodeIgniter\CodeIgniter->runController(Object(App\Controllers\Kalkulator))
#7 C:\xampp\htdocs\dinara\system\CodeIgniter.php(354): CodeIgniter\CodeIgniter->handleRequest(NULL, Object(Config\Cache), false)
#8 C:\xampp\htdocs\dinara\system\Boot.php(363): CodeIgniter\CodeIgniter->run()
#9 C:\xampp\htdocs\dinara\system\Boot.php(68): CodeIgniter\Boot::runCodeIgniter(Object(CodeIgniter\CodeIgniter))
#10 C:\xampp\htdocs\dinara\public\index.php(59): CodeIgniter\Boot::bootWeb(Object(Config\Paths))
#11 C:\xampp\htdocs\dinara\system\rewrite.php(44): require_once('C:\\xampp\\htdocs...')
#12 {main}
CRITICAL - 2026-01-14 12:52:09 --> CodeIgniter\Database\Exceptions\DatabaseException: Unable to connect to the database.
Main connection [MySQLi]: No connection could be made because the target machine actively refused it
[Method: GET, Route: /]
in SYSTEMPATH\Database\BaseConnection.php on line 465.
 1 SYSTEMPATH\Database\BaseConnection.php(614): CodeIgniter\Database\BaseConnection->initialize()
 2 SYSTEMPATH\Database\BaseConnection.php(1525): CodeIgniter\Database\BaseConnection->query('SHOW TABLES FROM `db_smart_travel`')
 3 SYSTEMPATH\Database\BaseConnection.php(1545): CodeIgniter\Database\BaseConnection->listTables()
 4 APPPATH\Controllers\Kalkulator.php(27): CodeIgniter\Database\BaseConnection->tableExists('destinations')
 5 SYSTEMPATH\CodeIgniter.php(933): App\Controllers\Kalkulator->index()
 6 SYSTEMPATH\CodeIgniter.php(507): CodeIgniter\CodeIgniter->runController(Object(App\Controllers\Kalkulator))
 7 SYSTEMPATH\CodeIgniter.php(354): CodeIgniter\CodeIgniter->handleRequest(null, Object(Config\Cache), false)
 8 SYSTEMPATH\Boot.php(363): CodeIgniter\CodeIgniter->run()
 9 SYSTEMPATH\Boot.php(68): CodeIgniter\Boot::runCodeIgniter(Object(CodeIgniter\CodeIgniter))
10 FCPATH\index.php(59): CodeIgniter\Boot::bootWeb(Object(Config\Paths))
11 SYSTEMPATH\rewrite.php(44): require_once('C:\\xampp\\htdocs\\dinara\\public\\index.php')
ERROR - 2026-01-14 12:52:13 --> Error connecting to the database: mysqli_sql_exception: No connection could be made because the target machine actively refused it in C:\xampp\htdocs\dinara\system\Database\MySQLi\Connection.php:201
Stack trace:
#0 C:\xampp\htdocs\dinara\system\Database\MySQLi\Connection.php(201): mysqli->real_connect('localhost', 'root', Object(SensitiveParameterValue), 'db_smart_travel', 3306, '', 0)
#1 C:\xampp\htdocs\dinara\system\Database\BaseConnection.php(419): CodeIgniter\Database\MySQLi\Connection->connect(false)
#2 C:\xampp\htdocs\dinara\system\Database\BaseConnection.php(614): CodeIgniter\Database\BaseConnection->initialize()
#3 C:\xampp\htdocs\dinara\system\Database\BaseConnection.php(1525): CodeIgniter\Database\BaseConnection->query('SHOW TABLES FRO...')
#4 C:\xampp\htdocs\dinara\system\Database\BaseConnection.php(1545): CodeIgniter\Database\BaseConnection->listTables()
#5 C:\xampp\htdocs\dinara\app\Controllers\Kalkulator.php(27): CodeIgniter\Database\BaseConnection->tableExists('destinations')
#6 C:\xampp\htdocs\dinara\system\CodeIgniter.php(933): App\Controllers\Kalkulator->index()
#7 C:\xampp\htdocs\dinara\system\CodeIgniter.php(507): CodeIgniter\CodeIgniter->runController(Object(App\Controllers\Kalkulator))
#8 C:\xampp\htdocs\dinara\system\CodeIgniter.php(354): CodeIgniter\CodeIgniter->handleRequest(NULL, Object(Config\Cache), false)
#9 C:\xampp\htdocs\dinara\system\Boot.php(363): CodeIgniter\CodeIgniter->run()
#10 C:\xampp\htdocs\dinara\system\Boot.php(68): CodeIgniter\Boot::runCodeIgniter(Object(CodeIgniter\CodeIgniter))
#11 C:\xampp\htdocs\dinara\public\index.php(59): CodeIgniter\Boot::bootWeb(Object(Config\Paths))
#12 C:\xampp\htdocs\dinara\system\rewrite.php(44): require_once('C:\\xampp\\htdocs...')
#13 {main}

Next CodeIgniter\Database\Exceptions\DatabaseException: No connection could be made because the target machine actively refused it in C:\xampp\htdocs\dinara\system\Database\MySQLi\Connection.php:246
Stack trace:
#0 C:\xampp\htdocs\dinara\system\Database\BaseConnection.php(419): CodeIgniter\Database\MySQLi\Connection->connect(false)
#1 C:\xampp\htdocs\dinara\system\Database\BaseConnection.php(614): CodeIgniter\Database\BaseConnection->initialize()
#2 C:\xampp\htdocs\dinara\system\Database\BaseConnection.php(1525): CodeIgniter\Database\BaseConnection->query('SHOW TABLES FRO...')
#3 C:\xampp\htdocs\dinara\system\Database\BaseConnection.php(1545): CodeIgniter\Database\BaseConnection->listTables()
#4 C:\xampp\htdocs\dinara\app\Controllers\Kalkulator.php(27): CodeIgniter\Database\BaseConnection->tableExists('destinations')
#5 C:\xampp\htdocs\dinara\system\CodeIgniter.php(933): App\Controllers\Kalkulator->index()
#6 C:\xampp\htdocs\dinara\system\CodeIgniter.php(507): CodeIgniter\CodeIgniter->runController(Object(App\Controllers\Kalkulator))
#7 C:\xampp\htdocs\dinara\system\CodeIgniter.php(354): CodeIgniter\CodeIgniter->handleRequest(NULL, Object(Config\Cache), false)
#8 C:\xampp\htdocs\dinara\system\Boot.php(363): CodeIgniter\CodeIgniter->run()
#9 C:\xampp\htdocs\dinara\system\Boot.php(68): CodeIgniter\Boot::runCodeIgniter(Object(CodeIgniter\CodeIgniter))
#10 C:\xampp\htdocs\dinara\public\index.php(59): CodeIgniter\Boot::bootWeb(Object(Config\Paths))
#11 C:\xampp\htdocs\dinara\system\rewrite.php(44): require_once('C:\\xampp\\htdocs...')
#12 {main}
CRITICAL - 2026-01-14 12:52:13 --> CodeIgniter\Database\Exceptions\DatabaseException: Unable to connect to the database.
Main connection [MySQLi]: No connection could be made because the target machine actively refused it
[Method: GET, Route: /]
in SYSTEMPATH\Database\BaseConnection.php on line 465.
 1 SYSTEMPATH\Database\BaseConnection.php(614): CodeIgniter\Database\BaseConnection->initialize()
 2 SYSTEMPATH\Database\BaseConnection.php(1525): CodeIgniter\Database\BaseConnection->query('SHOW TABLES FROM `db_smart_travel`')
 3 SYSTEMPATH\Database\BaseConnection.php(1545): CodeIgniter\Database\BaseConnection->listTables()
 4 APPPATH\Controllers\Kalkulator.php(27): CodeIgniter\Database\BaseConnection->tableExists('destinations')
 5 SYSTEMPATH\CodeIgniter.php(933): App\Controllers\Kalkulator->index()
 6 SYSTEMPATH\CodeIgniter.php(507): CodeIgniter\CodeIgniter->runController(Object(App\Controllers\Kalkulator))
 7 SYSTEMPATH\CodeIgniter.php(354): CodeIgniter\CodeIgniter->handleRequest(null, Object(Config\Cache), false)
 8 SYSTEMPATH\Boot.php(363): CodeIgniter\CodeIgniter->run()
 9 SYSTEMPATH\Boot.php(68): CodeIgniter\Boot::runCodeIgniter(Object(CodeIgniter\CodeIgniter))
10 FCPATH\index.php(59): CodeIgniter\Boot::bootWeb(Object(Config\Paths))
11 SYSTEMPATH\rewrite.php(44): require_once('C:\\xampp\\htdocs\\dinara\\public\\index.php')
CRITICAL - 2026-01-14 13:45:15 --> Error: Call to undefined method CodeIgniter\Database\MySQLi\Connection::forge()
[Method: POST, Route: admin/simpan_jadwal_kapal]
in APPPATH\Controllers\Admin.php on line 856.
 1 SYSTEMPATH\CodeIgniter.php(933): App\Controllers\Admin->simpan_jadwal_kapal()
 2 SYSTEMPATH\CodeIgniter.php(507): CodeIgniter\CodeIgniter->runController(Object(App\Controllers\Admin))
 3 SYSTEMPATH\CodeIgniter.php(354): CodeIgniter\CodeIgniter->handleRequest(null, Object(Config\Cache), false)
 4 SYSTEMPATH\Boot.php(363): CodeIgniter\CodeIgniter->run()
 5 SYSTEMPATH\Boot.php(68): CodeIgniter\Boot::runCodeIgniter(Object(CodeIgniter\CodeIgniter))
 6 FCPATH\index.php(59): CodeIgniter\Boot::bootWeb(Object(Config\Paths))
 7 SYSTEMPATH\rewrite.php(44): require_once('C:\\xampp\\htdocs\\dinara\\public\\index.php')
CRITICAL - 2026-01-14 13:46:03 --> Error: Call to undefined method CodeIgniter\Database\MySQLi\Connection::forge()
[Method: POST, Route: admin/simpan_jadwal_kapal]
in APPPATH\Controllers\Admin.php on line 856.
 1 SYSTEMPATH\CodeIgniter.php(933): App\Controllers\Admin->simpan_jadwal_kapal()
 2 SYSTEMPATH\CodeIgniter.php(507): CodeIgniter\CodeIgniter->runController(Object(App\Controllers\Admin))
 3 SYSTEMPATH\CodeIgniter.php(354): CodeIgniter\CodeIgniter->handleRequest(null, Object(Config\Cache), false)
 4 SYSTEMPATH\Boot.php(363): CodeIgniter\CodeIgniter->run()
 5 SYSTEMPATH\Boot.php(68): CodeIgniter\Boot::runCodeIgniter(Object(CodeIgniter\CodeIgniter))
 6 FCPATH\index.php(59): CodeIgniter\Boot::bootWeb(Object(Config\Paths))
 7 SYSTEMPATH\rewrite.php(44): require_once('C:\\xampp\\htdocs\\dinara\\public\\index.php')
CRITICAL - 2026-01-14 13:47:12 --> TypeError: CodeIgniter\Database\Forge::createTable(): Argument #2 ($ifNotExists) must be of type bool, array given, called in C:\xampp\htdocs\dinara\app\Controllers\Admin.php on line 857
[Method: POST, Route: admin/simpan_jadwal_kapal]
in SYSTEMPATH\Database\Forge.php on line 549.
 1 APPPATH\Controllers\Admin.php(857): CodeIgniter\Database\Forge->createTable('jadwal_kapal', [...])
 2 SYSTEMPATH\CodeIgniter.php(933): App\Controllers\Admin->simpan_jadwal_kapal()
 3 SYSTEMPATH\CodeIgniter.php(507): CodeIgniter\CodeIgniter->runController(Object(App\Controllers\Admin))
 4 SYSTEMPATH\CodeIgniter.php(354): CodeIgniter\CodeIgniter->handleRequest(null, Object(Config\Cache), false)
 5 SYSTEMPATH\Boot.php(363): CodeIgniter\CodeIgniter->run()
 6 SYSTEMPATH\Boot.php(68): CodeIgniter\Boot::runCodeIgniter(Object(CodeIgniter\CodeIgniter))
 7 FCPATH\index.php(59): CodeIgniter\Boot::bootWeb(Object(Config\Paths))
 8 SYSTEMPATH\rewrite.php(44): require_once('C:\\xampp\\htdocs\\dinara\\public\\index.php')
CRITICAL - 2026-01-14 13:47:39 --> TypeError: CodeIgniter\Database\Forge::createTable(): Argument #2 ($ifNotExists) must be of type bool, array given, called in C:\xampp\htdocs\dinara\app\Controllers\Admin.php on line 857
[Method: POST, Route: admin/simpan_jadwal_kapal]
in SYSTEMPATH\Database\Forge.php on line 549.
 1 APPPATH\Controllers\Admin.php(857): CodeIgniter\Database\Forge->createTable('jadwal_kapal', [...])
 2 SYSTEMPATH\CodeIgniter.php(933): App\Controllers\Admin->simpan_jadwal_kapal()
 3 SYSTEMPATH\CodeIgniter.php(507): CodeIgniter\CodeIgniter->runController(Object(App\Controllers\Admin))
 4 SYSTEMPATH\CodeIgniter.php(354): CodeIgniter\CodeIgniter->handleRequest(null, Object(Config\Cache), false)
 5 SYSTEMPATH\Boot.php(363): CodeIgniter\CodeIgniter->run()
 6 SYSTEMPATH\Boot.php(68): CodeIgniter\Boot::runCodeIgniter(Object(CodeIgniter\CodeIgniter))
 7 FCPATH\index.php(59): CodeIgniter\Boot::bootWeb(Object(Config\Paths))
 8 SYSTEMPATH\rewrite.php(44): require_once('C:\\xampp\\htdocs\\dinara\\public\\index.php')
CRITICAL - 2026-01-14 13:47:57 --> TypeError: CodeIgniter\Database\Forge::createTable(): Argument #2 ($ifNotExists) must be of type bool, array given, called in C:\xampp\htdocs\dinara\app\Controllers\Admin.php on line 857
[Method: POST, Route: admin/simpan_jadwal_kapal]
in SYSTEMPATH\Database\Forge.php on line 549.
 1 APPPATH\Controllers\Admin.php(857): CodeIgniter\Database\Forge->createTable('jadwal_kapal', [...])
 2 SYSTEMPATH\CodeIgniter.php(933): App\Controllers\Admin->simpan_jadwal_kapal()
 3 SYSTEMPATH\CodeIgniter.php(507): CodeIgniter\CodeIgniter->runController(Object(App\Controllers\Admin))
 4 SYSTEMPATH\CodeIgniter.php(354): CodeIgniter\CodeIgniter->handleRequest(null, Object(Config\Cache), false)
 5 SYSTEMPATH\Boot.php(363): CodeIgniter\CodeIgniter->run()
 6 SYSTEMPATH\Boot.php(68): CodeIgniter\Boot::runCodeIgniter(Object(CodeIgniter\CodeIgniter))
 7 FCPATH\index.php(59): CodeIgniter\Boot::bootWeb(Object(Config\Paths))
 8 SYSTEMPATH\rewrite.php(44): require_once('C:\\xampp\\htdocs\\dinara\\public\\index.php')
ERROR - 2026-01-14 13:51:24 --> mysqli_sql_exception: Invalid default value for 'created_at' in C:\xampp\htdocs\dinara\system\Database\MySQLi\Connection.php:327
Stack trace:
#0 C:\xampp\htdocs\dinara\system\Database\MySQLi\Connection.php(327): mysqli->query('CREATE TABLE `j...', 0)
#1 C:\xampp\htdocs\dinara\system\Database\BaseConnection.php(729): CodeIgniter\Database\MySQLi\Connection->execute('CREATE TABLE `j...')
#2 C:\xampp\htdocs\dinara\system\Database\BaseConnection.php(646): CodeIgniter\Database\BaseConnection->simpleQuery('CREATE TABLE `j...')
#3 C:\xampp\htdocs\dinara\system\Database\Forge.php(570): CodeIgniter\Database\BaseConnection->query('CREATE TABLE `j...')
#4 C:\xampp\htdocs\dinara\app\Controllers\Admin.php(914): CodeIgniter\Database\Forge->createTable('jadwal_kapal')
#5 C:\xampp\htdocs\dinara\system\CodeIgniter.php(933): App\Controllers\Admin->simpan_jadwal_kapal()
#6 C:\xampp\htdocs\dinara\system\CodeIgniter.php(507): CodeIgniter\CodeIgniter->runController(Object(App\Controllers\Admin))
#7 C:\xampp\htdocs\dinara\system\CodeIgniter.php(354): CodeIgniter\CodeIgniter->handleRequest(NULL, Object(Config\Cache), false)
#8 C:\xampp\htdocs\dinara\system\Boot.php(363): CodeIgniter\CodeIgniter->run()
#9 C:\xampp\htdocs\dinara\system\Boot.php(68): CodeIgniter\Boot::runCodeIgniter(Object(CodeIgniter\CodeIgniter))
#10 C:\xampp\htdocs\dinara\public\index.php(59): CodeIgniter\Boot::bootWeb(Object(Config\Paths))
#11 C:\xampp\htdocs\dinara\system\rewrite.php(44): require_once('C:\\xampp\\htdocs...')
#12 {main}
CRITICAL - 2026-01-14 13:51:24 --> CodeIgniter\Database\Exceptions\DatabaseException: Invalid default value for 'created_at'
[Method: POST, Route: admin/simpan_jadwal_kapal]
in SYSTEMPATH\Database\BaseConnection.php on line 684.
 1 SYSTEMPATH\Database\Forge.php(570): CodeIgniter\Database\BaseConnection->query('CREATE TABLE `jadwal_kapal` (
	`id` INT(11) UNSIGNED NOT NULL AUTO_INCREMENT,
	`pelabuhan_asal` VARCHAR(255) NOT NULL,
	`nama_kapal` VARCHAR(255) NOT NULL,
	`jam_berangkat` TIME NOT NULL,
	`waktu_tempuh` VARCHAR(100) NOT NULL,
	`harga_tiket` DECIMAL(15,2) NOT NULL,
	`tipe_kapal` VARCHAR(100) NOT NULL,
	`keterangan` LONGTEXT NULL,
	`created_at` TIMESTAMP NOT NULL DEFAULT \'CURRENT_TIMESTAMP\',
	`updated_at` TIMESTAMP NOT NULL DEFAULT \'CURRENT_TIMESTAMP\',
	CONSTRAINT `pk_jadwal_kapal` PRIMARY KEY(`id`)
) DEFAULT CHARACTER SET = utf8mb4 COLLATE = utf8mb4_general_ci')
 2 APPPATH\Controllers\Admin.php(914): CodeIgniter\Database\Forge->createTable('jadwal_kapal')
 3 SYSTEMPATH\CodeIgniter.php(933): App\Controllers\Admin->simpan_jadwal_kapal()
 4 SYSTEMPATH\CodeIgniter.php(507): CodeIgniter\CodeIgniter->runController(Object(App\Controllers\Admin))
 5 SYSTEMPATH\CodeIgniter.php(354): CodeIgniter\CodeIgniter->handleRequest(null, Object(Config\Cache), false)
 6 SYSTEMPATH\Boot.php(363): CodeIgniter\CodeIgniter->run()
 7 SYSTEMPATH\Boot.php(68): CodeIgniter\Boot::runCodeIgniter(Object(CodeIgniter\CodeIgniter))
 8 FCPATH\index.php(59): CodeIgniter\Boot::bootWeb(Object(Config\Paths))
 9 SYSTEMPATH\rewrite.php(44): require_once('C:\\xampp\\htdocs\\dinara\\public\\index.php')
CRITICAL - 2026-01-14 13:51:24 --> [Caused by] CodeIgniter\Database\Exceptions\DatabaseException: Invalid default value for 'created_at'
in SYSTEMPATH\Database\MySQLi\Connection.php on line 332.
 1 SYSTEMPATH\Database\BaseConnection.php(729): CodeIgniter\Database\MySQLi\Connection->execute('CREATE TABLE `jadwal_kapal` (
	`id` INT(11) UNSIGNED NOT NULL AUTO_INCREMENT,
	`pelabuhan_asal` VARCHAR(255) NOT NULL,
	`nama_kapal` VARCHAR(255) NOT NULL,
	`jam_berangkat` TIME NOT NULL,
	`waktu_tempuh` VARCHAR(100) NOT NULL,
	`harga_tiket` DECIMAL(15,2) NOT NULL,
	`tipe_kapal` VARCHAR(100) NOT NULL,
	`keterangan` LONGTEXT NULL,
	`created_at` TIMESTAMP NOT NULL DEFAULT \'CURRENT_TIMESTAMP\',
	`updated_at` TIMESTAMP NOT NULL DEFAULT \'CURRENT_TIMESTAMP\',
	CONSTRAINT `pk_jadwal_kapal` PRIMARY KEY(`id`)
) DEFAULT CHARACTER SET = utf8mb4 COLLATE = utf8mb4_general_ci')
 2 SYSTEMPATH\Database\BaseConnection.php(646): CodeIgniter\Database\BaseConnection->simpleQuery('CREATE TABLE `jadwal_kapal` (
	`id` INT(11) UNSIGNED NOT NULL AUTO_INCREMENT,
	`pelabuhan_asal` VARCHAR(255) NOT NULL,
	`nama_kapal` VARCHAR(255) NOT NULL,
	`jam_berangkat` TIME NOT NULL,
	`waktu_tempuh` VARCHAR(100) NOT NULL,
	`harga_tiket` DECIMAL(15,2) NOT NULL,
	`tipe_kapal` VARCHAR(100) NOT NULL,
	`keterangan` LONGTEXT NULL,
	`created_at` TIMESTAMP NOT NULL DEFAULT \'CURRENT_TIMESTAMP\',
	`updated_at` TIMESTAMP NOT NULL DEFAULT \'CURRENT_TIMESTAMP\',
	CONSTRAINT `pk_jadwal_kapal` PRIMARY KEY(`id`)
) DEFAULT CHARACTER SET = utf8mb4 COLLATE = utf8mb4_general_ci')
 3 SYSTEMPATH\Database\Forge.php(570): CodeIgniter\Database\BaseConnection->query('CREATE TABLE `jadwal_kapal` (
	`id` INT(11) UNSIGNED NOT NULL AUTO_INCREMENT,
	`pelabuhan_asal` VARCHAR(255) NOT NULL,
	`nama_kapal` VARCHAR(255) NOT NULL,
	`jam_berangkat` TIME NOT NULL,
	`waktu_tempuh` VARCHAR(100) NOT NULL,
	`harga_tiket` DECIMAL(15,2) NOT NULL,
	`tipe_kapal` VARCHAR(100) NOT NULL,
	`keterangan` LONGTEXT NULL,
	`created_at` TIMESTAMP NOT NULL DEFAULT \'CURRENT_TIMESTAMP\',
	`updated_at` TIMESTAMP NOT NULL DEFAULT \'CURRENT_TIMESTAMP\',
	CONSTRAINT `pk_jadwal_kapal` PRIMARY KEY(`id`)
) DEFAULT CHARACTER SET = utf8mb4 COLLATE = utf8mb4_general_ci')
 4 APPPATH\Controllers\Admin.php(914): CodeIgniter\Database\Forge->createTable('jadwal_kapal')
 5 SYSTEMPATH\CodeIgniter.php(933): App\Controllers\Admin->simpan_jadwal_kapal()
 6 SYSTEMPATH\CodeIgniter.php(507): CodeIgniter\CodeIgniter->runController(Object(App\Controllers\Admin))
 7 SYSTEMPATH\CodeIgniter.php(354): CodeIgniter\CodeIgniter->handleRequest(null, Object(Config\Cache), false)
 8 SYSTEMPATH\Boot.php(363): CodeIgniter\CodeIgniter->run()
 9 SYSTEMPATH\Boot.php(68): CodeIgniter\Boot::runCodeIgniter(Object(CodeIgniter\CodeIgniter))
10 FCPATH\index.php(59): CodeIgniter\Boot::bootWeb(Object(Config\Paths))
11 SYSTEMPATH\rewrite.php(44): require_once('C:\\xampp\\htdocs\\dinara\\public\\index.php')
CRITICAL - 2026-01-14 13:51:24 --> [Caused by] mysqli_sql_exception: Invalid default value for 'created_at'
in SYSTEMPATH\Database\MySQLi\Connection.php on line 327.
 1 SYSTEMPATH\Database\MySQLi\Connection.php(327): mysqli->query('CREATE TABLE `jadwal_kapal` (
	`id` INT(11) UNSIGNED NOT NULL AUTO_INCREMENT,
	`pelabuhan_asal` VARCHAR(255) NOT NULL,
	`nama_kapal` VARCHAR(255) NOT NULL,
	`jam_berangkat` TIME NOT NULL,
	`waktu_tempuh` VARCHAR(100) NOT NULL,
	`harga_tiket` DECIMAL(15,2) NOT NULL,
	`tipe_kapal` VARCHAR(100) NOT NULL,
	`keterangan` LONGTEXT NULL,
	`created_at` TIMESTAMP NOT NULL DEFAULT \'CURRENT_TIMESTAMP\',
	`updated_at` TIMESTAMP NOT NULL DEFAULT \'CURRENT_TIMESTAMP\',
	CONSTRAINT `pk_jadwal_kapal` PRIMARY KEY(`id`)
) DEFAULT CHARACTER SET = utf8mb4 COLLATE = utf8mb4_general_ci', 0)
 2 SYSTEMPATH\Database\BaseConnection.php(729): CodeIgniter\Database\MySQLi\Connection->execute('CREATE TABLE `jadwal_kapal` (
	`id` INT(11) UNSIGNED NOT NULL AUTO_INCREMENT,
	`pelabuhan_asal` VARCHAR(255) NOT NULL,
	`nama_kapal` VARCHAR(255) NOT NULL,
	`jam_berangkat` TIME NOT NULL,
	`waktu_tempuh` VARCHAR(100) NOT NULL,
	`harga_tiket` DECIMAL(15,2) NOT NULL,
	`tipe_kapal` VARCHAR(100) NOT NULL,
	`keterangan` LONGTEXT NULL,
	`created_at` TIMESTAMP NOT NULL DEFAULT \'CURRENT_TIMESTAMP\',
	`updated_at` TIMESTAMP NOT NULL DEFAULT \'CURRENT_TIMESTAMP\',
	CONSTRAINT `pk_jadwal_kapal` PRIMARY KEY(`id`)
) DEFAULT CHARACTER SET = utf8mb4 COLLATE = utf8mb4_general_ci')
 3 SYSTEMPATH\Database\BaseConnection.php(646): CodeIgniter\Database\BaseConnection->simpleQuery('CREATE TABLE `jadwal_kapal` (
	`id` INT(11) UNSIGNED NOT NULL AUTO_INCREMENT,
	`pelabuhan_asal` VARCHAR(255) NOT NULL,
	`nama_kapal` VARCHAR(255) NOT NULL,
	`jam_berangkat` TIME NOT NULL,
	`waktu_tempuh` VARCHAR(100) NOT NULL,
	`harga_tiket` DECIMAL(15,2) NOT NULL,
	`tipe_kapal` VARCHAR(100) NOT NULL,
	`keterangan` LONGTEXT NULL,
	`created_at` TIMESTAMP NOT NULL DEFAULT \'CURRENT_TIMESTAMP\',
	`updated_at` TIMESTAMP NOT NULL DEFAULT \'CURRENT_TIMESTAMP\',
	CONSTRAINT `pk_jadwal_kapal` PRIMARY KEY(`id`)
) DEFAULT CHARACTER SET = utf8mb4 COLLATE = utf8mb4_general_ci')
 4 SYSTEMPATH\Database\Forge.php(570): CodeIgniter\Database\BaseConnection->query('CREATE TABLE `jadwal_kapal` (
	`id` INT(11) UNSIGNED NOT NULL AUTO_INCREMENT,
	`pelabuhan_asal` VARCHAR(255) NOT NULL,
	`nama_kapal` VARCHAR(255) NOT NULL,
	`jam_berangkat` TIME NOT NULL,
	`waktu_tempuh` VARCHAR(100) NOT NULL,
	`harga_tiket` DECIMAL(15,2) NOT NULL,
	`tipe_kapal` VARCHAR(100) NOT NULL,
	`keterangan` LONGTEXT NULL,
	`created_at` TIMESTAMP NOT NULL DEFAULT \'CURRENT_TIMESTAMP\',
	`updated_at` TIMESTAMP NOT NULL DEFAULT \'CURRENT_TIMESTAMP\',
	CONSTRAINT `pk_jadwal_kapal` PRIMARY KEY(`id`)
) DEFAULT CHARACTER SET = utf8mb4 COLLATE = utf8mb4_general_ci')
 5 APPPATH\Controllers\Admin.php(914): CodeIgniter\Database\Forge->createTable('jadwal_kapal')
 6 SYSTEMPATH\CodeIgniter.php(933): App\Controllers\Admin->simpan_jadwal_kapal()
 7 SYSTEMPATH\CodeIgniter.php(507): CodeIgniter\CodeIgniter->runController(Object(App\Controllers\Admin))
 8 SYSTEMPATH\CodeIgniter.php(354): CodeIgniter\CodeIgniter->handleRequest(null, Object(Config\Cache), false)
 9 SYSTEMPATH\Boot.php(363): CodeIgniter\CodeIgniter->run()
10 SYSTEMPATH\Boot.php(68): CodeIgniter\Boot::runCodeIgniter(Object(CodeIgniter\CodeIgniter))
11 FCPATH\index.php(59): CodeIgniter\Boot::bootWeb(Object(Config\Paths))
12 SYSTEMPATH\rewrite.php(44): require_once('C:\\xampp\\htdocs\\dinara\\public\\index.php')
