ERROR - 2026-01-10 18:10:11 --> mysqli_sql_exception: Unknown column 'title' in 'field list' in C:\xampp\htdocs\dinara\system\Database\MySQLi\Connection.php:327
Stack trace:
#0 C:\xampp\htdocs\dinara\system\Database\MySQLi\Connection.php(327): mysqli->query('INSERT INTO `si...', 0)
#1 C:\xampp\htdocs\dinara\system\Database\BaseConnection.php(729): CodeIgniter\Database\MySQLi\Connection->execute('INSERT INTO `si...')
#2 C:\xampp\htdocs\dinara\system\Database\BaseConnection.php(646): CodeIgniter\Database\BaseConnection->simpleQuery('INSERT INTO `si...')
#3 C:\xampp\htdocs\dinara\system\Database\BaseBuilder.php(2345): CodeIgniter\Database\BaseConnection->query('INSERT INTO `si...', Array, false)
#4 C:\xampp\htdocs\dinara\app\Controllers\Admin.php(443): CodeIgniter\Database\BaseBuilder->insert(Array)
#5 C:\xampp\htdocs\dinara\system\CodeIgniter.php(933): App\Controllers\Admin->simpan_konten()
#6 C:\xampp\htdocs\dinara\system\CodeIgniter.php(507): CodeIgniter\CodeIgniter->runController(Object(App\Controllers\Admin))
#7 C:\xampp\htdocs\dinara\system\CodeIgniter.php(354): CodeIgniter\CodeIgniter->handleRequest(NULL, Object(Config\Cache), false)
#8 C:\xampp\htdocs\dinara\system\Boot.php(363): CodeIgniter\CodeIgniter->run()
#9 C:\xampp\htdocs\dinara\system\Boot.php(68): CodeIgniter\Boot::runCodeIgniter(Object(CodeIgniter\CodeIgniter))
#10 C:\xampp\htdocs\dinara\public\index.php(59): CodeIgniter\Boot::bootWeb(Object(Config\Paths))
#11 C:\xampp\htdocs\dinara\system\rewrite.php(44): require_once('C:\\xampp\\htdocs...')
#12 {main}
CRITICAL - 2026-01-10 18:10:11 --> CodeIgniter\Database\Exceptions\DatabaseException: Unknown column 'title' in 'field list'
[Method: POST, Route: admin/simpan_konten]
in SYSTEMPATH\Database\BaseConnection.php on line 684.
 1 SYSTEMPATH\Database\BaseBuilder.php(2345): CodeIgniter\Database\BaseConnection->query('INSERT INTO `site_content` (`title`, `description`, `image`) VALUES (:title:, :description:, :image:)', [...], false)
 2 APPPATH\Controllers\Admin.php(443): CodeIgniter\Database\BaseBuilder->insert([...])
 3 SYSTEMPATH\CodeIgniter.php(933): App\Controllers\Admin->simpan_konten()
 4 SYSTEMPATH\CodeIgniter.php(507): CodeIgniter\CodeIgniter->runController(Object(App\Controllers\Admin))
 5 SYSTEMPATH\CodeIgniter.php(354): CodeIgniter\CodeIgniter->handleRequest(null, Object(Config\Cache), false)
 6 SYSTEMPATH\Boot.php(363): CodeIgniter\CodeIgniter->run()
 7 SYSTEMPATH\Boot.php(68): CodeIgniter\Boot::runCodeIgniter(Object(CodeIgniter\CodeIgniter))
 8 FCPATH\index.php(59): CodeIgniter\Boot::bootWeb(Object(Config\Paths))
 9 SYSTEMPATH\rewrite.php(44): require_once('C:\\xampp\\htdocs\\dinara\\public\\index.php')
CRITICAL - 2026-01-10 18:10:11 --> [Caused by] CodeIgniter\Database\Exceptions\DatabaseException: Unknown column 'title' in 'field list'
in SYSTEMPATH\Database\MySQLi\Connection.php on line 332.
 1 SYSTEMPATH\Database\BaseConnection.php(729): CodeIgniter\Database\MySQLi\Connection->execute('INSERT INTO `site_content` (`title`, `description`, `image`) VALUES (\'Open trip Catamaran 13 februari\', \'open trip dengan harga terjangkau fasilitas luxuary bisa karaoke dan bergoyang di atas kapal menikmati wisata dengan kenyamanan dan keselamatan\', \'1768068611_739abcfd32121ae71946.png\')')
 2 SYSTEMPATH\Database\BaseConnection.php(646): CodeIgniter\Database\BaseConnection->simpleQuery('INSERT INTO `site_content` (`title`, `description`, `image`) VALUES (\'Open trip Catamaran 13 februari\', \'open trip dengan harga terjangkau fasilitas luxuary bisa karaoke dan bergoyang di atas kapal menikmati wisata dengan kenyamanan dan keselamatan\', \'1768068611_739abcfd32121ae71946.png\')')
 3 SYSTEMPATH\Database\BaseBuilder.php(2345): CodeIgniter\Database\BaseConnection->query('INSERT INTO `site_content` (`title`, `description`, `image`) VALUES (:title:, :description:, :image:)', [...], false)
 4 APPPATH\Controllers\Admin.php(443): CodeIgniter\Database\BaseBuilder->insert([...])
 5 SYSTEMPATH\CodeIgniter.php(933): App\Controllers\Admin->simpan_konten()
 6 SYSTEMPATH\CodeIgniter.php(507): CodeIgniter\CodeIgniter->runController(Object(App\Controllers\Admin))
 7 SYSTEMPATH\CodeIgniter.php(354): CodeIgniter\CodeIgniter->handleRequest(null, Object(Config\Cache), false)
 8 SYSTEMPATH\Boot.php(363): CodeIgniter\CodeIgniter->run()
 9 SYSTEMPATH\Boot.php(68): CodeIgniter\Boot::runCodeIgniter(Object(CodeIgniter\CodeIgniter))
10 FCPATH\index.php(59): CodeIgniter\Boot::bootWeb(Object(Config\Paths))
11 SYSTEMPATH\rewrite.php(44): require_once('C:\\xampp\\htdocs\\dinara\\public\\index.php')
CRITICAL - 2026-01-10 18:10:11 --> [Caused by] mysqli_sql_exception: Unknown column 'title' in 'field list'
in SYSTEMPATH\Database\MySQLi\Connection.php on line 327.
 1 SYSTEMPATH\Database\MySQLi\Connection.php(327): mysqli->query('INSERT INTO `site_content` (`title`, `description`, `image`) VALUES (\'Open trip Catamaran 13 februari\', \'open trip dengan harga terjangkau fasilitas luxuary bisa karaoke dan bergoyang di atas kapal menikmati wisata dengan kenyamanan dan keselamatan\', \'1768068611_739abcfd32121ae71946.png\')', 0)
 2 SYSTEMPATH\Database\BaseConnection.php(729): CodeIgniter\Database\MySQLi\Connection->execute('INSERT INTO `site_content` (`title`, `description`, `image`) VALUES (\'Open trip Catamaran 13 februari\', \'open trip dengan harga terjangkau fasilitas luxuary bisa karaoke dan bergoyang di atas kapal menikmati wisata dengan kenyamanan dan keselamatan\', \'1768068611_739abcfd32121ae71946.png\')')
 3 SYSTEMPATH\Database\BaseConnection.php(646): CodeIgniter\Database\BaseConnection->simpleQuery('INSERT INTO `site_content` (`title`, `description`, `image`) VALUES (\'Open trip Catamaran 13 februari\', \'open trip dengan harga terjangkau fasilitas luxuary bisa karaoke dan bergoyang di atas kapal menikmati wisata dengan kenyamanan dan keselamatan\', \'1768068611_739abcfd32121ae71946.png\')')
 4 SYSTEMPATH\Database\BaseBuilder.php(2345): CodeIgniter\Database\BaseConnection->query('INSERT INTO `site_content` (`title`, `description`, `image`) VALUES (:title:, :description:, :image:)', [...], false)
 5 APPPATH\Controllers\Admin.php(443): CodeIgniter\Database\BaseBuilder->insert([...])
 6 SYSTEMPATH\CodeIgniter.php(933): App\Controllers\Admin->simpan_konten()
 7 SYSTEMPATH\CodeIgniter.php(507): CodeIgniter\CodeIgniter->runController(Object(App\Controllers\Admin))
 8 SYSTEMPATH\CodeIgniter.php(354): CodeIgniter\CodeIgniter->handleRequest(null, Object(Config\Cache), false)
 9 SYSTEMPATH\Boot.php(363): CodeIgniter\CodeIgniter->run()
10 SYSTEMPATH\Boot.php(68): CodeIgniter\Boot::runCodeIgniter(Object(CodeIgniter\CodeIgniter))
11 FCPATH\index.php(59): CodeIgniter\Boot::bootWeb(Object(Config\Paths))
12 SYSTEMPATH\rewrite.php(44): require_once('C:\\xampp\\htdocs\\dinara\\public\\index.php')
ERROR - 2026-01-10 18:19:38 --> mysqli_sql_exception: Unknown column 'title' in 'field list' in C:\xampp\htdocs\dinara\system\Database\MySQLi\Connection.php:327
Stack trace:
#0 C:\xampp\htdocs\dinara\system\Database\MySQLi\Connection.php(327): mysqli->query('INSERT INTO `si...', 0)
#1 C:\xampp\htdocs\dinara\system\Database\BaseConnection.php(729): CodeIgniter\Database\MySQLi\Connection->execute('INSERT INTO `si...')
#2 C:\xampp\htdocs\dinara\system\Database\BaseConnection.php(646): CodeIgniter\Database\BaseConnection->simpleQuery('INSERT INTO `si...')
#3 C:\xampp\htdocs\dinara\system\Database\BaseBuilder.php(2345): CodeIgniter\Database\BaseConnection->query('INSERT INTO `si...', Array, false)
#4 C:\xampp\htdocs\dinara\app\Controllers\Admin.php(443): CodeIgniter\Database\BaseBuilder->insert(Array)
#5 C:\xampp\htdocs\dinara\system\CodeIgniter.php(933): App\Controllers\Admin->simpan_konten()
#6 C:\xampp\htdocs\dinara\system\CodeIgniter.php(507): CodeIgniter\CodeIgniter->runController(Object(App\Controllers\Admin))
#7 C:\xampp\htdocs\dinara\system\CodeIgniter.php(354): CodeIgniter\CodeIgniter->handleRequest(NULL, Object(Config\Cache), false)
#8 C:\xampp\htdocs\dinara\system\Boot.php(363): CodeIgniter\CodeIgniter->run()
#9 C:\xampp\htdocs\dinara\system\Boot.php(68): CodeIgniter\Boot::runCodeIgniter(Object(CodeIgniter\CodeIgniter))
#10 C:\xampp\htdocs\dinara\public\index.php(59): CodeIgniter\Boot::bootWeb(Object(Config\Paths))
#11 C:\xampp\htdocs\dinara\system\rewrite.php(44): require_once('C:\\xampp\\htdocs...')
#12 {main}
CRITICAL - 2026-01-10 18:19:38 --> CodeIgniter\Database\Exceptions\DatabaseException: Unknown column 'title' in 'field list'
[Method: POST, Route: admin/simpan_konten]
in SYSTEMPATH\Database\BaseConnection.php on line 684.
 1 SYSTEMPATH\Database\BaseBuilder.php(2345): CodeIgniter\Database\BaseConnection->query('INSERT INTO `site_content` (`title`, `description`, `image`) VALUES (:title:, :description:, :image:)', [...], false)
 2 APPPATH\Controllers\Admin.php(443): CodeIgniter\Database\BaseBuilder->insert([...])
 3 SYSTEMPATH\CodeIgniter.php(933): App\Controllers\Admin->simpan_konten()
 4 SYSTEMPATH\CodeIgniter.php(507): CodeIgniter\CodeIgniter->runController(Object(App\Controllers\Admin))
 5 SYSTEMPATH\CodeIgniter.php(354): CodeIgniter\CodeIgniter->handleRequest(null, Object(Config\Cache), false)
 6 SYSTEMPATH\Boot.php(363): CodeIgniter\CodeIgniter->run()
 7 SYSTEMPATH\Boot.php(68): CodeIgniter\Boot::runCodeIgniter(Object(CodeIgniter\CodeIgniter))
 8 FCPATH\index.php(59): CodeIgniter\Boot::bootWeb(Object(Config\Paths))
 9 SYSTEMPATH\rewrite.php(44): require_once('C:\\xampp\\htdocs\\dinara\\public\\index.php')
CRITICAL - 2026-01-10 18:19:38 --> [Caused by] CodeIgniter\Database\Exceptions\DatabaseException: Unknown column 'title' in 'field list'
in SYSTEMPATH\Database\MySQLi\Connection.php on line 332.
 1 SYSTEMPATH\Database\BaseConnection.php(729): CodeIgniter\Database\MySQLi\Connection->execute('INSERT INTO `site_content` (`title`, `description`, `image`) VALUES (\'promo Catamaran\', \'\', \'1768069178_0b62a08c02397fb1ab83.png\')')
 2 SYSTEMPATH\Database\BaseConnection.php(646): CodeIgniter\Database\BaseConnection->simpleQuery('INSERT INTO `site_content` (`title`, `description`, `image`) VALUES (\'promo Catamaran\', \'\', \'1768069178_0b62a08c02397fb1ab83.png\')')
 3 SYSTEMPATH\Database\BaseBuilder.php(2345): CodeIgniter\Database\BaseConnection->query('INSERT INTO `site_content` (`title`, `description`, `image`) VALUES (:title:, :description:, :image:)', [...], false)
 4 APPPATH\Controllers\Admin.php(443): CodeIgniter\Database\BaseBuilder->insert([...])
 5 SYSTEMPATH\CodeIgniter.php(933): App\Controllers\Admin->simpan_konten()
 6 SYSTEMPATH\CodeIgniter.php(507): CodeIgniter\CodeIgniter->runController(Object(App\Controllers\Admin))
 7 SYSTEMPATH\CodeIgniter.php(354): CodeIgniter\CodeIgniter->handleRequest(null, Object(Config\Cache), false)
 8 SYSTEMPATH\Boot.php(363): CodeIgniter\CodeIgniter->run()
 9 SYSTEMPATH\Boot.php(68): CodeIgniter\Boot::runCodeIgniter(Object(CodeIgniter\CodeIgniter))
10 FCPATH\index.php(59): CodeIgniter\Boot::bootWeb(Object(Config\Paths))
11 SYSTEMPATH\rewrite.php(44): require_once('C:\\xampp\\htdocs\\dinara\\public\\index.php')
CRITICAL - 2026-01-10 18:19:38 --> [Caused by] mysqli_sql_exception: Unknown column 'title' in 'field list'
in SYSTEMPATH\Database\MySQLi\Connection.php on line 327.
 1 SYSTEMPATH\Database\MySQLi\Connection.php(327): mysqli->query('INSERT INTO `site_content` (`title`, `description`, `image`) VALUES (\'promo Catamaran\', \'\', \'1768069178_0b62a08c02397fb1ab83.png\')', 0)
 2 SYSTEMPATH\Database\BaseConnection.php(729): CodeIgniter\Database\MySQLi\Connection->execute('INSERT INTO `site_content` (`title`, `description`, `image`) VALUES (\'promo Catamaran\', \'\', \'1768069178_0b62a08c02397fb1ab83.png\')')
 3 SYSTEMPATH\Database\BaseConnection.php(646): CodeIgniter\Database\BaseConnection->simpleQuery('INSERT INTO `site_content` (`title`, `description`, `image`) VALUES (\'promo Catamaran\', \'\', \'1768069178_0b62a08c02397fb1ab83.png\')')
 4 SYSTEMPATH\Database\BaseBuilder.php(2345): CodeIgniter\Database\BaseConnection->query('INSERT INTO `site_content` (`title`, `description`, `image`) VALUES (:title:, :description:, :image:)', [...], false)
 5 APPPATH\Controllers\Admin.php(443): CodeIgniter\Database\BaseBuilder->insert([...])
 6 SYSTEMPATH\CodeIgniter.php(933): App\Controllers\Admin->simpan_konten()
 7 SYSTEMPATH\CodeIgniter.php(507): CodeIgniter\CodeIgniter->runController(Object(App\Controllers\Admin))
 8 SYSTEMPATH\CodeIgniter.php(354): CodeIgniter\CodeIgniter->handleRequest(null, Object(Config\Cache), false)
 9 SYSTEMPATH\Boot.php(363): CodeIgniter\CodeIgniter->run()
10 SYSTEMPATH\Boot.php(68): CodeIgniter\Boot::runCodeIgniter(Object(CodeIgniter\CodeIgniter))
11 FCPATH\index.php(59): CodeIgniter\Boot::bootWeb(Object(Config\Paths))
12 SYSTEMPATH\rewrite.php(44): require_once('C:\\xampp\\htdocs\\dinara\\public\\index.php')
